Archive member included because of file (symbol)

c:/infineon/tools/dave ide/4.5.0.202105191637/eclipse/arm-gcc-49/bin/../lib/gcc/arm-none-eabi/4.9.3/../../../../arm-none-eabi/lib/armv7e-m/softfp\libg_nano.a(lib_a-errno.o)
                              ./Libraries/Newlib/syscalls.o (__errno)
c:/infineon/tools/dave ide/4.5.0.202105191637/eclipse/arm-gcc-49/bin/../lib/gcc/arm-none-eabi/4.9.3/../../../../arm-none-eabi/lib/armv7e-m/softfp\libg_nano.a(lib_a-impure.o)
                              c:/infineon/tools/dave ide/4.5.0.202105191637/eclipse/arm-gcc-49/bin/../lib/gcc/arm-none-eabi/4.9.3/../../../../arm-none-eabi/lib/armv7e-m/softfp\libg_nano.a(lib_a-errno.o) (_impure_ptr)
c:/infineon/tools/dave ide/4.5.0.202105191637/eclipse/arm-gcc-49/bin/../lib/gcc/arm-none-eabi/4.9.3/../../../../arm-none-eabi/lib/armv7e-m/softfp\libg_nano.a(lib_a-init.o)
                              ./Startup/startup_XMC4800.o (__libc_init_array)
c:/infineon/tools/dave ide/4.5.0.202105191637/eclipse/arm-gcc-49/bin/../lib/gcc/arm-none-eabi/4.9.3/../../../../arm-none-eabi/lib/armv7e-m/softfp\libg_nano.a(lib_a-memcpy.o)
                              ./Libraries/XMCLib/src/xmc_eth_mac.o (memcpy)
c:/infineon/tools/dave ide/4.5.0.202105191637/eclipse/arm-gcc-49/bin/../lib/gcc/arm-none-eabi/4.9.3/../../../../arm-none-eabi/lib/armv7e-m/softfp\libg_nano.a(lib_a-memset.o)
                              ./Libraries/XMCLib/src/xmc_usbd.o (memset)
c:/infineon/tools/dave ide/4.5.0.202105191637/eclipse/arm-gcc-49/bin/../lib/gcc/arm-none-eabi/4.9.3/../../../../arm-none-eabi/lib/armv7e-m/softfp\libg_nano.a(lib_a-strlen.o)
                              ./Dave/Generated/USBD_VCOM/class_driver/device/cdc_class_device.o (strlen)

Allocating common symbols
Common symbol       size              file

tx_ep_buf           0x40              ./Dave/Generated/USBD_VCOM/usbd_vcom.o
USB_IsInitialized   0x1               ./Dave/Generated/USBD/usb/core/usb_task.o
USB_DeviceState     0x1               ./Dave/Generated/USBD/usb/core/usb_task.o
cdc_event_flags     0x3               ./Dave/Generated/USBD_VCOM/usbd_vcom.o
endpoint0_in_buffer
                    0x100             ./Dave/Generated/USBD/usbd.o
USB_ControlRequest  0x8               ./Dave/Generated/USBD/usb/core/usb_task.o
notification_ep_buf
                    0x40              ./Dave/Generated/USBD_VCOM/usbd_vcom.o
endpoint0_out_buffer
                    0x100             ./Dave/Generated/USBD/usbd.o
xmc_device          0x208             ./Libraries/XMCLib/src/xmc_usbd.o
device              0x144             ./Dave/Generated/USBD/usbd.o
rx_ep_buf           0x40              ./Dave/Generated/USBD_VCOM/usbd_vcom.o
USBD_VCOM_cdc_interface
                    0x20              ./Dave/Generated/USBD_VCOM/usbd_vcom.o

Discarded input sections

 .text          0x00000000        0x0 ./Startup/startup_XMC4800.o
 .data          0x00000000        0x0 ./Startup/startup_XMC4800.o
 .bss           0x00000000        0x0 ./Startup/startup_XMC4800.o
 .text          0x00000000        0x0 ./Startup/system_XMC4800.o
 .data          0x00000000        0x0 ./Startup/system_XMC4800.o
 .bss           0x00000000        0x0 ./Startup/system_XMC4800.o
 .text.delay    0x00000000       0x28 ./Startup/system_XMC4800.o
 .text.SystemCoreSetup
                0x00000000       0x70 ./Startup/system_XMC4800.o
 .text.SystemCoreClockSetup
                0x00000000      0x380 ./Startup/system_XMC4800.o
 .text.OSCHP_GetFrequency
                0x00000000       0x14 ./Startup/system_XMC4800.o
 .comment       0x00000000       0x71 ./Startup/system_XMC4800.o
 .text          0x00000000        0x0 ./Libraries/XMCLib/src/xmc4_eru.o
 .data          0x00000000        0x0 ./Libraries/XMCLib/src/xmc4_eru.o
 .bss           0x00000000        0x0 ./Libraries/XMCLib/src/xmc4_eru.o
 .text.XMC_ERU_Enable
                0x00000000       0x2c ./Libraries/XMCLib/src/xmc4_eru.o
 .text.XMC_ERU_Disable
                0x00000000       0x2c ./Libraries/XMCLib/src/xmc4_eru.o
 .debug_info    0x00000000      0x66c ./Libraries/XMCLib/src/xmc4_eru.o
 .debug_abbrev  0x00000000      0x180 ./Libraries/XMCLib/src/xmc4_eru.o
 .debug_loc     0x00000000       0xa0 ./Libraries/XMCLib/src/xmc4_eru.o
 .debug_aranges
                0x00000000       0x28 ./Libraries/XMCLib/src/xmc4_eru.o
 .debug_ranges  0x00000000       0x18 ./Libraries/XMCLib/src/xmc4_eru.o
 .debug_line    0x00000000      0x2ee ./Libraries/XMCLib/src/xmc4_eru.o
 .debug_str     0x00000000      0xa0d ./Libraries/XMCLib/src/xmc4_eru.o
 .comment       0x00000000       0x71 ./Libraries/XMCLib/src/xmc4_eru.o
 .debug_frame   0x00000000       0x60 ./Libraries/XMCLib/src/xmc4_eru.o
 .ARM.attributes
                0x00000000       0x37 ./Libraries/XMCLib/src/xmc4_eru.o
 .text          0x00000000        0x0 ./Libraries/XMCLib/src/xmc4_flash.o
 .data          0x00000000        0x0 ./Libraries/XMCLib/src/xmc4_flash.o
 .bss           0x00000000        0x0 ./Libraries/XMCLib/src/xmc4_flash.o
[...]
Memory Configuration

Name             Origin             Length             Attributes
FLASH_1_cached   0x08000000         0x00010000         xr
FLASH_1_uncached 0x0c000000         0x00010000         xr
PSRAM_1          0x1ffe8000         0x00018000         !xr
DSRAM_1_system   0x20000000         0x00020000         !xr
DSRAM_2_comm     0x20020000         0x00020000         !xr
SRAM_combined    0x1ffe8000         0x00058000         !xr
*default*        0x00000000         0xffffffff

Linker script and memory map

LOAD ./Startup/startup_XMC4800.o
LOAD ./Startup/system_XMC4800.o
LOAD ./Libraries/XMCLib/src/xmc4_eru.o
LOAD ./Libraries/XMCLib/src/xmc4_flash.o
LOAD ./Libraries/XMCLib/src/xmc4_gpio.o
LOAD ./Libraries/XMCLib/src/xmc4_rtc.o
LOAD ./Libraries/XMCLib/src/xmc4_scu.o
LOAD ./Libraries/XMCLib/src/xmc_can.o
LOAD ./Libraries/XMCLib/src/xmc_ccu4.o
LOAD ./Libraries/XMCLib/src/xmc_ccu8.o
LOAD ./Libraries/XMCLib/src/xmc_common.o
LOAD ./Libraries/XMCLib/src/xmc_dac.o
LOAD ./Libraries/XMCLib/src/xmc_dma.o
LOAD ./Libraries/XMCLib/src/xmc_dsd.o
LOAD ./Libraries/XMCLib/src/xmc_ebu.o
LOAD ./Libraries/XMCLib/src/xmc_ecat.o
LOAD ./Libraries/XMCLib/src/xmc_eru.o
LOAD ./Libraries/XMCLib/src/xmc_eth_mac.o
LOAD ./Libraries/XMCLib/src/xmc_eth_phy_dp83848.o
LOAD ./Libraries/XMCLib/src/xmc_eth_phy_ksz8031rnl.o
LOAD ./Libraries/XMCLib/src/xmc_eth_phy_ksz8081rnb.o
LOAD ./Libraries/XMCLib/src/xmc_fce.o
LOAD ./Libraries/XMCLib/src/xmc_gpio.o
LOAD ./Libraries/XMCLib/src/xmc_hrpwm.o
LOAD ./Libraries/XMCLib/src/xmc_i2c.o
LOAD ./Libraries/XMCLib/src/xmc_i2s.o
LOAD ./Libraries/XMCLib/src/xmc_ledts.o
LOAD ./Libraries/XMCLib/src/xmc_posif.o
LOAD ./Libraries/XMCLib/src/xmc_rtc.o
LOAD ./Libraries/XMCLib/src/xmc_sdmmc.o
LOAD ./Libraries/XMCLib/src/xmc_spi.o
LOAD ./Libraries/XMCLib/src/xmc_uart.o
LOAD ./Libraries/XMCLib/src/xmc_usbd.o
LOAD ./Libraries/XMCLib/src/xmc_usbh.o
LOAD ./Libraries/XMCLib/src/xmc_usic.o
LOAD ./Libraries/XMCLib/src/xmc_vadc.o
LOAD ./Libraries/XMCLib/src/xmc_wdt.o
LOAD ./Libraries/Newlib/syscalls.o
LOAD ./Dave/Generated/USBD_VCOM/virtual_com/descriptors.o
LOAD ./Dave/Generated/USBD_VCOM/class_driver/device/cdc_class_device.o
LOAD ./Dave/Generated/USBD_VCOM/usbd_vcom.o
LOAD ./Dave/Generated/USBD_VCOM/usbd_vcom_conf.o
LOAD ./Dave/Generated/USBD/usb/core/xmc4000/usbd_endpoint_stream_xmc4000.o
LOAD ./Dave/Generated/USBD/usb/core/xmc4000/usbd_endpoint_xmc4000.o
LOAD ./Dave/Generated/USBD/usb/core/usb_task.o
LOAD ./Dave/Generated/USBD/usbd.o
LOAD ./Dave/Generated/USBD/usbd_conf.o
LOAD ./Dave/Generated/DIGITAL_IO/digital_io.o
LOAD ./Dave/Generated/DIGITAL_IO/digital_io_conf.o
LOAD ./Dave/Generated/CPU_CTRL_XMC4/cpu_ctrl_xmc4.o
LOAD ./Dave/Generated/CPU_CTRL_XMC4/cpu_ctrl_xmc4_conf.o
LOAD ./Dave/Generated/CLOCK_XMC4/clock_xmc4.o
LOAD ./Dave/Generated/CLOCK_XMC4/clock_xmc4_conf.o
LOAD ./Dave/Generated/DAVE.o
LOAD ./main.o
LOAD c:/infineon/tools/dave ide/4.5.0.202105191637/eclipse/arm-gcc-49/bin/../lib/gcc/arm-none-eabi/4.9.3/../../../../arm-none-eabi/lib/armv7e-m/softfp\libm.a
START GROUP
LOAD c:/infineon/tools/dave ide/4.5.0.202105191637/eclipse/arm-gcc-49/bin/../lib/gcc/arm-none-eabi/4.9.3/armv7e-m/softfp\libgcc.a
LOAD c:/infineon/tools/dave ide/4.5.0.202105191637/eclipse/arm-gcc-49/bin/../lib/gcc/arm-none-eabi/4.9.3/../../../../arm-none-eabi/lib/armv7e-m/softfp\libg_nano.a
LOAD c:/infineon/tools/dave ide/4.5.0.202105191637/eclipse/arm-gcc-49/bin/../lib/gcc/arm-none-eabi/4.9.3/../../../../arm-none-eabi/lib/armv7e-m/softfp\libc_nano.a
END GROUP
START GROUP
LOAD c:/infineon/tools/dave ide/4.5.0.202105191637/eclipse/arm-gcc-49/bin/../lib/gcc/arm-none-eabi/4.9.3/armv7e-m/softfp\libgcc.a
LOAD c:/infineon/tools/dave ide/4.5.0.202105191637/eclipse/arm-gcc-49/bin/../lib/gcc/arm-none-eabi/4.9.3/../../../../arm-none-eabi/lib/armv7e-m/softfp\libc_nano.a
LOAD c:/infineon/tools/dave ide/4.5.0.202105191637/eclipse/arm-gcc-49/bin/../lib/gcc/arm-none-eabi/4.9.3/../../../../arm-none-eabi/lib/armv7e-m/softfp\libnosys.a
END GROUP
START GROUP
LOAD c:/infineon/tools/dave ide/4.5.0.202105191637/eclipse/arm-gcc-49/bin/../lib/gcc/arm-none-eabi/4.9.3/armv7e-m/softfp\libgcc.a
LOAD c:/infineon/tools/dave ide/4.5.0.202105191637/eclipse/arm-gcc-49/bin/../lib/gcc/arm-none-eabi/4.9.3/../../../../arm-none-eabi/lib/armv7e-m/softfp\libc_nano.a
LOAD c:/infineon/tools/dave ide/4.5.0.202105191637/eclipse/arm-gcc-49/bin/../lib/gcc/arm-none-eabi/4.9.3/../../../../arm-none-eabi/lib/armv7e-m/softfp\libnosys.a
END GROUP
                0x00000800                stack_size = DEFINED (stack_size)?stack_size:0x800
                0x00000040                no_init_size = 0x40

.text           0x08000000     0x5144 load address 0x0c000000
                0x08000000                sText = .
 *(.reset)
 .reset         0x08000000      0x29c ./Startup/startup_XMC4800.o
                0x08000000                __Vectors
                0x08000200                Reset_Handler
                0x08000298                DSD0_7_IRQHandler
                0x08000298                DebugMon_Handler
                0x08000298                VADC0_C0_0_IRQHandler
                0x08000298                CAN0_4_IRQHandler
                0x08000298                VADC0_G2_0_IRQHandler
                0x08000298                USIC0_5_IRQHandler
                0x08000298                POSIF0_0_IRQHandler
                0x08000298                POSIF1_0_IRQHandler
                0x08000298                HardFault_Handler
                0x08000298                VADC0_G1_1_IRQHandler
                0x08000298                PendSV_Handler
                0x08000298                NMI_Handler
                0x08000298                USIC1_3_IRQHandler
                0x08000298                CCU40_2_IRQHandler
                0x08000298                SCU_0_IRQHandler
                0x08000298                ERU0_0_IRQHandler
                0x08000298                CCU41_0_IRQHandler
                0x08000298                USIC1_5_IRQHandler
                0x08000298                DSD0_4_IRQHandler
                0x08000298                CCU80_1_IRQHandler
                0x08000298                CCU81_0_IRQHandler
                0x08000298                UsageFault_Handler
                0x08000298                USIC0_0_IRQHandler
                0x08000298                POSIF1_1_IRQHandler
                0x08000298                ERU0_2_IRQHandler
                0x08000298                CCU81_1_IRQHandler
                0x08000298                ERU1_1_IRQHandler
                0x08000298                VADC0_G2_3_IRQHandler
                0x08000298                VADC0_G2_2_IRQHandler
                0x08000298                CCU42_3_IRQHandler
                0x08000298                ERU0_3_IRQHandler
                0x08000298                DSD0_5_IRQHandler
                0x08000298                VADC0_C0_3_IRQHandler
                0x08000298                CAN0_6_IRQHandler
                0x08000298                CCU43_0_IRQHandler
                0x08000298                VADC0_G0_1_IRQHandler
                0x08000298                CCU81_2_IRQHandler
                0x08000298                USIC2_4_IRQHandler
                0x08000298                CCU81_3_IRQHandler
                0x08000298                CCU42_1_IRQHandler
                0x08000298                USIC1_1_IRQHandler
                0x08000298                USIC2_5_IRQHandler
                0x08000298                CCU40_0_IRQHandler
                0x08000298                CAN0_0_IRQHandler
                0x08000298                ERU1_0_IRQHandler
                0x08000298                CCU42_2_IRQHandler
                0x08000298                Default_Handler
                0x08000298                USIC1_4_IRQHandler
                0x08000298                ERU1_3_IRQHandler
                0x08000298                USIC1_0_IRQHandler
                0x08000298                POSIF0_1_IRQHandler
                0x08000298                VADC0_G0_0_IRQHandler
                0x08000298                DSD0_2_IRQHandler
                0x08000298                CCU80_3_IRQHandler
                0x08000298                CCU41_3_IRQHandler
                0x08000298                CCU80_2_IRQHandler
                0x08000298                VADC0_G1_3_IRQHandler
                0x08000298                VADC0_G0_3_IRQHandler
                0x08000298                GPDMA0_0_IRQHandler
                0x08000298                PMU0_0_IRQHandler
                0x08000298                CAN0_7_IRQHandler
                0x08000298                DSD0_1_IRQHandler
                0x08000298                CCU41_2_IRQHandler
                0x08000298                VADC0_C0_1_IRQHandler
                0x08000298                CCU43_2_IRQHandler
                0x08000298                USIC2_2_IRQHandler
                0x08000298                MemManage_Handler
                0x08000298                VADC0_G3_1_IRQHandler
                0x08000298                DAC0_0_IRQHandler
                0x08000298                SVC_Handler
                0x08000298                VADC0_G3_3_IRQHandler
                0x08000298                ERU1_2_IRQHandler
                0x08000298                CCU41_1_IRQHandler
                0x08000298                DSD0_6_IRQHandler
                0x08000298                CCU43_1_IRQHandler
                0x08000298                VADC0_G1_2_IRQHandler
                0x08000298                USIC2_3_IRQHandler
                0x08000298                CAN0_2_IRQHandler
                0x08000298                USIC2_0_IRQHandler
                0x08000298                VADC0_G0_2_IRQHandler
                0x08000298                ECAT0_0_IRQHandler
                0x08000298                VADC0_G2_1_IRQHandler
                0x08000298                CAN0_3_IRQHandler
                0x08000298                ETH0_0_IRQHandler
                0x08000298                USIC0_3_IRQHandler
                0x08000298                DSD0_0_IRQHandler
                0x08000298                VADC0_C0_2_IRQHandler
                0x08000298                CCU42_0_IRQHandler
                0x08000298                FCE0_0_IRQHandler
                0x08000298                VADC0_G1_0_IRQHandler
                0x08000298                CAN0_5_IRQHandler
                0x08000298                CCU80_0_IRQHandler
                0x08000298                CCU40_1_IRQHandler
                0x08000298                USIC2_1_IRQHandler
                0x08000298                USIC0_1_IRQHandler
                0x08000298                VADC0_G3_2_IRQHandler
                0x08000298                CCU40_3_IRQHandler
                0x08000298                BusFault_Handler
                0x08000298                LEDTS0_0_IRQHandler
                0x08000298                USIC0_4_IRQHandler
                0x08000298                CCU43_3_IRQHandler
                0x08000298                ERU0_1_IRQHandler
                0x08000298                VADC0_G3_0_IRQHandler
                0x08000298                USIC1_2_IRQHandler
                0x08000298                DSD0_3_IRQHandler
                0x08000298                SDMMC0_0_IRQHandler
                0x08000298                CAN0_1_IRQHandler
                0x08000298                USIC0_2_IRQHandler
                0x08000298                DAC0_1_IRQHandler
                0x08000298                GPDMA1_0_IRQHandler
 *(.text .text.* .gnu.linkonce.t.*)
 .text.SystemInit
                0x0800029c       0x20 ./Startup/system_XMC4800.o
                0x0800029c                SystemInit
 .text.SystemCoreClockUpdate
                0x080002bc       0xd4 ./Startup/system_XMC4800.o
                0x080002bc                SystemCoreClockUpdate
 .text.XMC_GPIO_Init
                0x08000390      0x14c ./Libraries/XMCLib/src/xmc4_gpio.o
                0x08000390                XMC_GPIO_Init
 .text.XMC_SCU_GetMirrorStatus
                0x080004dc       0x18 ./Libraries/XMCLib/src/xmc4_scu.o
 .text.XMC_SCU_lDelay
                0x080004f4       0x44 ./Libraries/XMCLib/src/xmc4_scu.o
 .text.XMC_SCU_INTERUPT_GetEventStatus
                0x08000538       0x18 ./Libraries/XMCLib/src/xmc4_scu.o
                0x08000538                XMC_SCU_INTERUPT_GetEventStatus
 .text.XMC_SCU_INTERRUPT_ClearEventStatus
                0x08000550       0x1c ./Libraries/XMCLib/src/xmc4_scu.o
                0x08000550                XMC_SCU_INTERRUPT_ClearEventStatus
 .text.XMC_SCU_CLOCK_Init
                0x0800056c       0xf8 ./Libraries/XMCLib/src/xmc4_scu.o
                0x0800056c                XMC_SCU_CLOCK_Init
 .text.XMC_SCU_RESET_AssertPeripheralReset
                0x08000664       0x38 ./Libraries/XMCLib/src/xmc4_scu.o
                0x08000664                XMC_SCU_RESET_AssertPeripheralReset
 .text.XMC_SCU_RESET_DeassertPeripheralReset
                0x0800069c       0x38 ./Libraries/XMCLib/src/xmc4_scu.o
                0x0800069c                XMC_SCU_RESET_DeassertPeripheralReset
 .text.XMC_SCU_CLOCK_SetSystemClockSource
                0x080006d4       0x28 ./Libraries/XMCLib/src/xmc4_scu.o
                0x080006d4                XMC_SCU_CLOCK_SetSystemClockSource
 .text.XMC_SCU_CLOCK_SetUsbClockSource
                0x080006fc       0x28 ./Libraries/XMCLib/src/xmc4_scu.o
                0x080006fc                XMC_SCU_CLOCK_SetUsbClockSource
 .text.XMC_SCU_CLOCK_SetWdtClockSource
                0x08000724       0x28 ./Libraries/XMCLib/src/xmc4_scu.o
                0x08000724                XMC_SCU_CLOCK_SetWdtClockSource
 .text.XMC_SCU_CLOCK_SetSystemPllClockSource
                0x0800074c       0x40 ./Libraries/XMCLib/src/xmc4_scu.o
                0x0800074c                XMC_SCU_CLOCK_SetSystemPllClockSource
 .text.XMC_SCU_HIB_SetRtcClockSource
                0x0800078c       0x3c ./Libraries/XMCLib/src/xmc4_scu.o
                0x0800078c                XMC_SCU_HIB_SetRtcClockSource
 .text.XMC_SCU_HIB_SetStandbyClockSource
                0x080007c8       0x3c ./Libraries/XMCLib/src/xmc4_scu.o
                0x080007c8                XMC_SCU_HIB_SetStandbyClockSource
 .text.XMC_SCU_CLOCK_SetSystemClockDivider
                0x08000804       0x28 ./Libraries/XMCLib/src/xmc4_scu.o
                0x08000804                XMC_SCU_CLOCK_SetSystemClockDivider
 .text.XMC_SCU_CLOCK_SetCcuClockDivider
                0x0800082c       0x28 ./Libraries/XMCLib/src/xmc4_scu.o
                0x0800082c                XMC_SCU_CLOCK_SetCcuClockDivider
 .text.XMC_SCU_CLOCK_SetCpuClockDivider
                0x08000854       0x28 ./Libraries/XMCLib/src/xmc4_scu.o
                0x08000854                XMC_SCU_CLOCK_SetCpuClockDivider
 .text.XMC_SCU_CLOCK_SetPeripheralClockDivider
                0x0800087c       0x28 ./Libraries/XMCLib/src/xmc4_scu.o
                0x0800087c                XMC_SCU_CLOCK_SetPeripheralClockDivider
 .text.XMC_SCU_CLOCK_SetUsbClockDivider
                0x080008a4       0x28 ./Libraries/XMCLib/src/xmc4_scu.o
                0x080008a4                XMC_SCU_CLOCK_SetUsbClockDivider
 .text.XMC_SCU_CLOCK_SetEbuClockDivider
                0x080008cc       0x28 ./Libraries/XMCLib/src/xmc4_scu.o
                0x080008cc                XMC_SCU_CLOCK_SetEbuClockDivider
 .text.XMC_SCU_CLOCK_SetWdtClockDivider
                0x080008f4       0x28 ./Libraries/XMCLib/src/xmc4_scu.o
                0x080008f4                XMC_SCU_CLOCK_SetWdtClockDivider
 .text.XMC_SCU_CLOCK_SetECATClockDivider
                0x0800091c       0x28 ./Libraries/XMCLib/src/xmc4_scu.o
                0x0800091c                XMC_SCU_CLOCK_SetECATClockDivider
 .text.XMC_SCU_CLOCK_EnableClock
                0x08000944       0x20 ./Libraries/XMCLib/src/xmc4_scu.o
                0x08000944                XMC_SCU_CLOCK_EnableClock
 .text.XMC_SCU_CLOCK_GatePeripheralClock
                0x08000964       0x38 ./Libraries/XMCLib/src/xmc4_scu.o
                0x08000964                XMC_SCU_CLOCK_GatePeripheralClock
 .text.XMC_SCU_CLOCK_UngatePeripheralClock
                0x0800099c       0x38 ./Libraries/XMCLib/src/xmc4_scu.o
                0x0800099c                XMC_SCU_CLOCK_UngatePeripheralClock
 .text.XMC_SCU_CLOCK_EnableUsbPll
                0x080009d4       0x20 ./Libraries/XMCLib/src/xmc4_scu.o
                0x080009d4                XMC_SCU_CLOCK_EnableUsbPll
 .text.XMC_SCU_CLOCK_StartUsbPll
                0x080009f4       0xb4 ./Libraries/XMCLib/src/xmc4_scu.o
                0x080009f4                XMC_SCU_CLOCK_StartUsbPll
 .text.XMC_SCU_CLOCK_SetBackupClockCalibrationMode
                0x08000aa8       0x4c ./Libraries/XMCLib/src/xmc4_scu.o
                0x08000aa8                XMC_SCU_CLOCK_SetBackupClockCalibrationMode
 .text.XMC_SCU_POWER_EnableUsb
                0x08000af4       0x18 ./Libraries/XMCLib/src/xmc4_scu.o
                0x08000af4                XMC_SCU_POWER_EnableUsb
 .text.XMC_SCU_POWER_DisableUsb
                0x08000b0c       0x18 ./Libraries/XMCLib/src/xmc4_scu.o
                0x08000b0c                XMC_SCU_POWER_DisableUsb
 .text.XMC_SCU_HIB_EnableHibernateDomain
                0x08000b24       0x58 ./Libraries/XMCLib/src/xmc4_scu.o
                0x08000b24                XMC_SCU_HIB_EnableHibernateDomain
 .text.XMC_SCU_CLOCK_IsLowPowerOscillatorStable
                0x08000b7c       0x24 ./Libraries/XMCLib/src/xmc4_scu.o
                0x08000b7c                XMC_SCU_CLOCK_IsLowPowerOscillatorStable
 .text.XMC_SCU_CLOCK_EnableLowPowerOscillator
                0x08000ba0       0x70 ./Libraries/XMCLib/src/xmc4_scu.o
                0x08000ba0                XMC_SCU_CLOCK_EnableLowPowerOscillator
 .text.XMC_SCU_CLOCK_EnableHighPerformanceOscillator
                0x08000c10       0x50 ./Libraries/XMCLib/src/xmc4_scu.o
                0x08000c10                XMC_SCU_CLOCK_EnableHighPerformanceOscillator
 .text.XMC_SCU_CLOCK_IsHighPerformanceOscillatorStable
                0x08000c60       0x28 ./Libraries/XMCLib/src/xmc4_scu.o
                0x08000c60                XMC_SCU_CLOCK_IsHighPerformanceOscillatorStable
 .text.XMC_SCU_CLOCK_EnableSystemPll
                0x08000c88       0x20 ./Libraries/XMCLib/src/xmc4_scu.o
                0x08000c88                XMC_SCU_CLOCK_EnableSystemPll
 .text.XMC_SCU_CLOCK_DisableSystemPll
                0x08000ca8       0x20 ./Libraries/XMCLib/src/xmc4_scu.o
                0x08000ca8                XMC_SCU_CLOCK_DisableSystemPll
 .text.XMC_SCU_CLOCK_StartSystemPll
                0x08000cc8      0x19c ./Libraries/XMCLib/src/xmc4_scu.o
                0x08000cc8                XMC_SCU_CLOCK_StartSystemPll
 .text.XMC_SCU_CLOCK_StepSystemPllFrequency
                0x08000e64       0x3c ./Libraries/XMCLib/src/xmc4_scu.o
                0x08000e64                XMC_SCU_CLOCK_StepSystemPllFrequency
 .text.XMC_GPIO_SetHardwareControl
                0x08000ea0       0x44 ./Libraries/XMCLib/src/xmc_gpio.o
                0x08000ea0                XMC_GPIO_SetHardwareControl
 .text.XMC_USBD_lDeviceActive
                0x08000ee4       0x6c ./Libraries/XMCLib/src/xmc_usbd.o
 .text.XMC_USBD_lReadFifo
                0x08000f50       0xe8 ./Libraries/XMCLib/src/xmc_usbd.o
 .text.XMC_USBD_lWriteFifo
                0x08001038       0xa4 ./Libraries/XMCLib/src/xmc_usbd.o
 .text.XMC_USBD_lFlushTXFifo
                0x080010dc       0x84 ./Libraries/XMCLib/src/xmc_usbd.o
 .text.XMC_USBD_lFlushRXFifo
                0x08001160       0x68 ./Libraries/XMCLib/src/xmc_usbd.o
 .text.XMC_USBD_lAssignTXFifo
                0x080011c8       0x70 ./Libraries/XMCLib/src/xmc_usbd.o
 .text.XMC_USBD_lUnassignFifo
                0x08001238       0x38 ./Libraries/XMCLib/src/xmc_usbd.o
 .text.XMC_USBD_lStartReadXfer
                0x08001270      0x178 ./Libraries/XMCLib/src/xmc_usbd.o
 .text.XMC_USBD_lStartWriteXfer
                0x080013e8      0x194 ./Libraries/XMCLib/src/xmc_usbd.o
 .text.XMC_USBD_lHandleUSBReset
                0x0800157c      0x14c ./Libraries/XMCLib/src/xmc_usbd.o
 .text.XMC_USBD_lHandleOTGInt
                0x080016c8       0x48 ./Libraries/XMCLib/src/xmc_usbd.o
 .text.XMC_USBD_lHandleEnumDone
                0x08001710       0x78 ./Libraries/XMCLib/src/xmc_usbd.o
 .text.XMC_USBD_lHandleOEPInt
                0x08001788      0x1b8 ./Libraries/XMCLib/src/xmc_usbd.o
 .text.XMC_USBD_lHandleIEPInt
                0x08001940      0x1b8 ./Libraries/XMCLib/src/xmc_usbd.o
 .text.XMC_USBD_lHandleRxFLvl
                0x08001af8       0x80 ./Libraries/XMCLib/src/xmc_usbd.o
 .text.XMC_USBD_IRQHandler
                0x08001b78      0x14c ./Libraries/XMCLib/src/xmc_usbd.o
                0x08001b78                XMC_USBD_IRQHandler
 .text.XMC_USBD_Enable
                0x08001cc4       0x1c ./Libraries/XMCLib/src/xmc_usbd.o
                0x08001cc4                XMC_USBD_Enable
 .text.XMC_USBD_Disable
                0x08001ce0       0x1c ./Libraries/XMCLib/src/xmc_usbd.o
                0x08001ce0                XMC_USBD_Disable
 .text.XMC_USBD_ClearEvent
                0x08001cfc       0xc8 ./Libraries/XMCLib/src/xmc_usbd.o
                0x08001cfc                XMC_USBD_ClearEvent
 .text.XMC_USBD_lClearEventOTG
                0x08001dc4       0x28 ./Libraries/XMCLib/src/xmc_usbd.o
 .text.XMC_USBD_ClearEventINEP
                0x08001dec       0x2c ./Libraries/XMCLib/src/xmc_usbd.o
                0x08001dec                XMC_USBD_ClearEventINEP
 .text.XMC_USBD_ClearEventOUTEP
                0x08001e18       0x30 ./Libraries/XMCLib/src/xmc_usbd.o
                0x08001e18                XMC_USBD_ClearEventOUTEP
 .text.XMC_USBD_EnableEventOUTEP
                0x08001e48       0x30 ./Libraries/XMCLib/src/xmc_usbd.o
                0x08001e48                XMC_USBD_EnableEventOUTEP
 .text.XMC_USBD_EnableEventINEP
                0x08001e78       0x30 ./Libraries/XMCLib/src/xmc_usbd.o
                0x08001e78                XMC_USBD_EnableEventINEP
 .text.XMC_USBD_GetCapabilities
                0x08001ea8       0x68 ./Libraries/XMCLib/src/xmc_usbd.o
                0x08001ea8                XMC_USBD_GetCapabilities
 .text.XMC_USBD_Init
                0x08001f10      0x23c ./Libraries/XMCLib/src/xmc_usbd.o
                0x08001f10                XMC_USBD_Init
 .text.XMC_USBD_Uninitialize
                0x0800214c       0x3c ./Libraries/XMCLib/src/xmc_usbd.o
                0x0800214c                XMC_USBD_Uninitialize
 .text.XMC_USBD_DeviceConnect
                0x08002188       0x34 ./Libraries/XMCLib/src/xmc_usbd.o
                0x08002188                XMC_USBD_DeviceConnect
 .text.XMC_USBD_DeviceDisconnect
                0x080021bc       0x34 ./Libraries/XMCLib/src/xmc_usbd.o
                0x080021bc                XMC_USBD_DeviceDisconnect
 .text.XMC_USBD_DeviceGetState
                0x080021f0       0x64 ./Libraries/XMCLib/src/xmc_usbd.o
                0x080021f0                XMC_USBD_DeviceGetState
 .text.XMC_USBD_EndpointReadStart
                0x08002254       0x8c ./Libraries/XMCLib/src/xmc_usbd.o
                0x08002254                XMC_USBD_EndpointReadStart
 .text.XMC_USBD_EndpointRead
                0x080022e0       0x78 ./Libraries/XMCLib/src/xmc_usbd.o
                0x080022e0                XMC_USBD_EndpointRead
 .text.XMC_USBD_EndpointWrite
                0x08002358       0xa8 ./Libraries/XMCLib/src/xmc_usbd.o
                0x08002358                XMC_USBD_EndpointWrite
 .text.XMC_USBD_DeviceSetAddress
                0x08002400       0x4c ./Libraries/XMCLib/src/xmc_usbd.o
                0x08002400                XMC_USBD_DeviceSetAddress
 .text.XMC_USBD_EndpointStall
                0x0800244c      0x14c ./Libraries/XMCLib/src/xmc_usbd.o
                0x0800244c                XMC_USBD_EndpointStall
 .text.XMC_USBD_EndpointAbort
                0x08002598       0x88 ./Libraries/XMCLib/src/xmc_usbd.o
                0x08002598                XMC_USBD_EndpointAbort
 .text.XMC_USBD_EndpointConfigure
                0x08002620      0x2f4 ./Libraries/XMCLib/src/xmc_usbd.o
                0x08002620                XMC_USBD_EndpointConfigure
 .text.XMC_USBD_EndpointUnconfigure
                0x08002914      0x170 ./Libraries/XMCLib/src/xmc_usbd.o
                0x08002914                XMC_USBD_EndpointUnconfigure
 .text.XMC_USBD_GetFrameNumber
                0x08002a84       0x2c ./Libraries/XMCLib/src/xmc_usbd.o
                0x08002a84                XMC_USBD_GetFrameNumber
 .text.XMC_USBD_IsEnumDone
                0x08002ab0       0x38 ./Libraries/XMCLib/src/xmc_usbd.o
                0x08002ab0                XMC_USBD_IsEnumDone
 .text._init    0x08002ae8        0xc ./Libraries/Newlib/syscalls.o
                0x08002ae8                _init
 .text.USBD_VCOM_Event_GetDescriptor
                0x08002af4       0xa0 ./Dave/Generated/USBD_VCOM/virtual_com/descriptors.o
                0x08002af4                USBD_VCOM_Event_GetDescriptor
 .text.Endpoint_SelectEndpoint
                0x08002b94       0x34 ./Dave/Generated/USBD_VCOM/class_driver/device/cdc_class_device.o
 .text.Endpoint_IsSETUPReceived
                0x08002bc8       0x2c ./Dave/Generated/USBD_VCOM/class_driver/device/cdc_class_device.o
 .text.Endpoint_ClearSETUP
                0x08002bf4       0x20 ./Dave/Generated/USBD_VCOM/class_driver/device/cdc_class_device.o
 .text.Endpoint_ClearStatusStage
                0x08002c14        0xc ./Dave/Generated/USBD_VCOM/class_driver/device/cdc_class_device.o
 .text.Endpoint_IsINReady
                0x08002c20       0x58 ./Dave/Generated/USBD_VCOM/class_driver/device/cdc_class_device.o
 .text.Endpoint_IsOUTReceived
                0x08002c78       0x44 ./Dave/Generated/USBD_VCOM/class_driver/device/cdc_class_device.o
 .text.Endpoint_BytesInEndpoint
                0x08002cbc       0x48 ./Dave/Generated/USBD_VCOM/class_driver/device/cdc_class_device.o
 .text.CDC_Device_ProcessControlRequest
                0x08002d04      0x184 ./Dave/Generated/USBD_VCOM/class_driver/device/cdc_class_device.o
                0x08002d04                CDC_Device_ProcessControlRequest
 .text.CDC_Device_ConfigureEndpoints
                0x08002e88       0x88 ./Dave/Generated/USBD_VCOM/class_driver/device/cdc_class_device.o
                0x08002e88                CDC_Device_ConfigureEndpoints
 .text.CDC_Device_USBTask
                0x08002f10       0x40 ./Dave/Generated/USBD_VCOM/class_driver/device/cdc_class_device.o
                0x08002f10                CDC_Device_USBTask
 .text.CDC_Device_SendString
                0x08002f50       0x58 ./Dave/Generated/USBD_VCOM/class_driver/device/cdc_class_device.o
                0x08002f50                CDC_Device_SendString
 .text.CDC_Device_Flush
                0x08002fa8       0x50 ./Dave/Generated/USBD_VCOM/class_driver/device/cdc_class_device.o
                0x08002fa8                CDC_Device_Flush
 .text.USBD_VCOM_Init
                0x08002ff8       0x98 ./Dave/Generated/USBD_VCOM/usbd_vcom.o
                0x08002ff8                USBD_VCOM_Init
 .text.USBD_VCOM_IsEnumDone
                0x08003090       0x28 ./Dave/Generated/USBD_VCOM/usbd_vcom.o
                0x08003090                USBD_VCOM_IsEnumDone
 .text.USBD_VCOM_SendString
                0x080030b8       0x48 ./Dave/Generated/USBD_VCOM/usbd_vcom.o
                0x080030b8                USBD_VCOM_SendString
 .text.USBD_VCOM_Register_USBEvent_CB
                0x08003100       0xa4 ./Dave/Generated/USBD_VCOM/usbd_vcom.o
                0x08003100                USBD_VCOM_Register_USBEvent_CB
 .text.USBD_VCOM_Event_ConfigurationChanged
                0x080031a4       0x5c ./Dave/Generated/USBD_VCOM/usbd_vcom.o
                0x080031a4                USBD_VCOM_Event_ConfigurationChanged
 .text.USBD_VCOM_Event_ControlRequest
                0x08003200       0x10 ./Dave/Generated/USBD_VCOM/usbd_vcom.o
                0x08003200                USBD_VCOM_Event_ControlRequest
 .text.USBD_VCOM_Event_Reset
                0x08003210       0x40 ./Dave/Generated/USBD_VCOM/usbd_vcom.o
                0x08003210                USBD_VCOM_Event_Reset
 .text.USBD_VCOM_CDCClass_Event_LineEncodingChanged
                0x08003250       0x1c ./Dave/Generated/USBD_VCOM/usbd_vcom.o
                0x08003250                USBD_VCOM_CDCClass_Event_LineEncodingChanged
 .text.USBD_VCOM_CDCClass_Event_ControlLineStateChanged
                0x0800326c       0x1c ./Dave/Generated/USBD_VCOM/usbd_vcom.o
                0x0800326c                USBD_VCOM_CDCClass_Event_ControlLineStateChanged
 .text.USBD_VCOM_CDCClass_Event_BreakSent
                0x08003288       0x20 ./Dave/Generated/USBD_VCOM/usbd_vcom.o
                0x08003288                USBD_VCOM_CDCClass_Event_BreakSent
 .text.USBD_VCOM_Connect
                0x080032a8       0x10 ./Dave/Generated/USBD_VCOM/usbd_vcom.o
                0x080032a8                USBD_VCOM_Connect
 .text.USBD_VCOM_Disconnect
                0x080032b8       0x10 ./Dave/Generated/USBD_VCOM/usbd_vcom.o
                0x080032b8                USBD_VCOM_Disconnect
 .text.Endpoint_Write_Stream_LE
                0x080032c8      0x10c ./Dave/Generated/USBD/usb/core/xmc4000/usbd_endpoint_stream_xmc4000.o
                0x080032c8                Endpoint_Write_Stream_LE
 .text.__NVIC_EnableIRQ
                0x080033d4       0x38 ./Dave/Generated/USBD/usb/core/xmc4000/usbd_endpoint_xmc4000.o
 .text.__NVIC_DisableIRQ
                0x0800340c       0x44 ./Dave/Generated/USBD/usb/core/xmc4000/usbd_endpoint_xmc4000.o
 .text.Endpoint_IsINReady
                0x08003450       0x58 ./Dave/Generated/USBD/usb/core/xmc4000/usbd_endpoint_xmc4000.o
 .text.Endpoint_IsOUTReceived
                0x080034a8       0x44 ./Dave/Generated/USBD/usb/core/xmc4000/usbd_endpoint_xmc4000.o
 .text.Endpoint_GetEndpointDirection
                0x080034ec       0x38 ./Dave/Generated/USBD/usb/core/xmc4000/usbd_endpoint_xmc4000.o
 .text.Endpoint_IsStalled
                0x08003524       0x40 ./Dave/Generated/USBD/usb/core/xmc4000/usbd_endpoint_xmc4000.o
 .text.USB_Device_GetFrameNumber
                0x08003564       0x18 ./Dave/Generated/USBD/usb/core/xmc4000/usbd_endpoint_xmc4000.o
 .text.Endpoint_WaitUntilReady
                0x0800357c       0x90 ./Dave/Generated/USBD/usb/core/xmc4000/usbd_endpoint_xmc4000.o
                0x0800357c                Endpoint_WaitUntilReady
 .text.Endpoint_ClearIN
                0x0800360c       0xa4 ./Dave/Generated/USBD/usb/core/xmc4000/usbd_endpoint_xmc4000.o
                0x0800360c                Endpoint_ClearIN
 .text.Endpoint_IsReadWriteAllowed
                0x080036b0       0x64 ./Dave/Generated/USBD/usb/core/xmc4000/usbd_endpoint_xmc4000.o
                0x080036b0                Endpoint_IsReadWriteAllowed
 .text.Endpoint_Write_8
                0x08003714       0x68 ./Dave/Generated/USBD/usb/core/xmc4000/usbd_endpoint_xmc4000.o
                0x08003714                Endpoint_Write_8
 .text.Endpoint_Read_8
                0x0800377c       0x70 ./Dave/Generated/USBD/usb/core/xmc4000/usbd_endpoint_xmc4000.o
                0x0800377c                Endpoint_Read_8
 .text.Endpoint_Write_32_LE
                0x080037ec       0x68 ./Dave/Generated/USBD/usb/core/xmc4000/usbd_endpoint_xmc4000.o
                0x080037ec                Endpoint_Write_32_LE
 .text.Endpoint_Read_32_LE
                0x08003854       0x70 ./Dave/Generated/USBD/usb/core/xmc4000/usbd_endpoint_xmc4000.o
                0x08003854                Endpoint_Read_32_LE
 .text.Endpoint_ConfigureEndpointTable
                0x080038c4      0x150 ./Dave/Generated/USBD/usb/core/xmc4000/usbd_endpoint_xmc4000.o
                0x080038c4                Endpoint_ConfigureEndpointTable
 .text.__NVIC_GetPriorityGrouping
                0x08003a14       0x1c ./Dave/Generated/USBD/usbd.o
 .text.__NVIC_EnableIRQ
                0x08003a30       0x38 ./Dave/Generated/USBD/usbd.o
 .text.__NVIC_DisableIRQ
                0x08003a68       0x44 ./Dave/Generated/USBD/usbd.o
 .text.__NVIC_ClearPendingIRQ
                0x08003aac       0x3c ./Dave/Generated/USBD/usbd.o
 .text.__NVIC_SetPriority
                0x08003ae8       0x54 ./Dave/Generated/USBD/usbd.o
 .text.NVIC_EncodePriority
                0x08003b3c       0x64 ./Dave/Generated/USBD/usbd.o
 .text.USBD_Init
                0x08003ba0      0x124 ./Dave/Generated/USBD/usbd.o
                0x08003ba0                USBD_Init
 .text.USBD_Connect
                0x08003cc4       0x18 ./Dave/Generated/USBD/usbd.o
                0x08003cc4                USBD_Connect
 .text.USBD_Disconnect
                0x08003cdc       0x18 ./Dave/Generated/USBD/usbd.o
                0x08003cdc                USBD_Disconnect
 .text.USBD_IsEnumDone
                0x08003cf4       0x18 ./Dave/Generated/USBD/usbd.o
                0x08003cf4                USBD_IsEnumDone
 .text.USBD_SetEndpointBuffer
                0x08003d0c       0x78 ./Dave/Generated/USBD/usbd.o
                0x08003d0c                USBD_SetEndpointBuffer
 .text.USB0_0_IRQHandler
                0x08003d84       0x14 ./Dave/Generated/USBD/usbd.o
                0x08003d84                USB0_0_IRQHandler
 .text.USB_EnableUSBInterrupt
                0x08003d98       0x2c ./Dave/Generated/USBD/usbd.o
 .text.USB_DisableUSBInterrupt
                0x08003dc4       0x14 ./Dave/Generated/USBD/usbd.o
 .text.USBD_HandleEP0_Stall
                0x08003dd8       0x30 ./Dave/Generated/USBD/usbd.o
 .text.USBD_Handle_DeviceRequest
                0x08003e08      0x4b8 ./Dave/Generated/USBD/usbd.o
 .text.USBD_HandleEP0_IN
                0x080042c0       0x4c ./Dave/Generated/USBD/usbd.o
 .text.USBD_HandleEP0_OUT
                0x0800430c       0x54 ./Dave/Generated/USBD/usbd.o
 .text.USBD_HandleEP0_SETUP
                0x08004360       0x98 ./Dave/Generated/USBD/usbd.o
 .text.USBD_SignalDeviceEventHandler
                0x080043f8      0x25c ./Dave/Generated/USBD/usbd.o
 .text.USBD_SignalEndpointEvent_Handler
                0x08004654      0x1a0 ./Dave/Generated/USBD/usbd.o
 .text.DIGITAL_IO_Init
                0x080047f4       0x40 ./Dave/Generated/DIGITAL_IO/digital_io.o
                0x080047f4                DIGITAL_IO_Init
 .text.__NVIC_SetPriorityGrouping
                0x08004834       0x48 ./Dave/Generated/CPU_CTRL_XMC4/cpu_ctrl_xmc4_conf.o
 .text.SystemCoreSetup
                0x0800487c       0xa0 ./Dave/Generated/CPU_CTRL_XMC4/cpu_ctrl_xmc4_conf.o
                0x0800487c                SystemCoreSetup
 .text.CLOCK_XMC4_Init
                0x0800491c       0x20 ./Dave/Generated/CLOCK_XMC4/clock_xmc4.o
                0x0800491c                CLOCK_XMC4_Init
 .text.OSCHP_GetFrequency
                0x0800493c       0x14 ./Dave/Generated/CLOCK_XMC4/clock_xmc4.o
                0x0800493c                OSCHP_GetFrequency
 .text.XMC_SCU_CLOCK_SetECATClockSource
                0x08004950       0x28 ./Dave/Generated/CLOCK_XMC4/clock_xmc4_conf.o
 .text.SystemCoreClockSetup
                0x08004978       0x64 ./Dave/Generated/CLOCK_XMC4/clock_xmc4_conf.o
                0x08004978                SystemCoreClockSetup
 .text.DAVE_Init
                0x080049dc       0x60 ./Dave/Generated/DAVE.o
                0x080049dc                DAVE_Init
 .text.__NVIC_SetPriority
                0x08004a3c       0x54 ./main.o
 .text.SysTick_Config
                0x08004a90       0x44 ./main.o
 .text.XMC_GPIO_SetOutputHigh
                0x08004ad4       0x20 ./main.o
 .text.XMC_GPIO_ToggleOutput
                0x08004af4       0x24 ./main.o
 .text.XMC_GPIO_GetInput
                0x08004b18       0x28 ./main.o
 .text.DIGITAL_IO_SetOutputHigh
                0x08004b40       0x20 ./main.o
 .text.DIGITAL_IO_ToggleOutput
                0x08004b60       0x20 ./main.o
 .text.DIGITAL_IO_GetInput
                0x08004b80       0x24 ./main.o
 .text.SysTick_Handler
                0x08004ba4       0x1c ./main.o
                0x08004ba4                SysTick_Handler
 .text.delay_ms
                0x08004bc0       0x34 ./main.o
 .text.usb_try_print
                0x08004bf4       0x20 ./main.o
 .text.jump_to_application
                0x08004c14       0xa0 ./main.o
 .text.main     0x08004cb4       0xd8 ./main.o
                0x08004cb4                main
 .text.__libc_init_array
                0x08004d8c       0x4c c:/infineon/tools/dave ide/4.5.0.202105191637/eclipse/arm-gcc-49/bin/../lib/gcc/arm-none-eabi/4.9.3/../../../../arm-none-eabi/lib/armv7e-m/softfp\libg_nano.a(lib_a-init.o)
                0x08004d8c                __libc_init_array
 .text.memcpy   0x08004dd8       0x16 c:/infineon/tools/dave ide/4.5.0.202105191637/eclipse/arm-gcc-49/bin/../lib/gcc/arm-none-eabi/4.9.3/../../../../arm-none-eabi/lib/armv7e-m/softfp\libg_nano.a(lib_a-memcpy.o)
                0x08004dd8                memcpy
 .text.memset   0x08004dee       0x10 c:/infineon/tools/dave ide/4.5.0.202105191637/eclipse/arm-gcc-49/bin/../lib/gcc/arm-none-eabi/4.9.3/../../../../arm-none-eabi/lib/armv7e-m/softfp\libg_nano.a(lib_a-memset.o)
                0x08004dee                memset
 .text.strlen   0x08004dfe       0x10 c:/infineon/tools/dave ide/4.5.0.202105191637/eclipse/arm-gcc-49/bin/../lib/gcc/arm-none-eabi/4.9.3/../../../../arm-none-eabi/lib/armv7e-m/softfp\libg_nano.a(lib_a-strlen.o)
                0x08004dfe                strlen
 *(.init)
 *(.fini)
 *crtbegin.o(.ctors)
 *crtbegin?.o(.ctors)
 *(EXCLUDE_FILE(*crtend.o *crtend?.o) .ctors)
 *(SORT(.ctors.*))
 *(.ctors)
 *crtbegin.o(.dtors)
 *crtbegin?.o(.dtors)
 *(EXCLUDE_FILE(*crtend.o *crtend?.o) .dtors)
 *(SORT(.dtors.*))
 *(.dtors)
 *(.rodata .rodata.*)
 *fill*         0x08004e0e        0x2 
 .rodata.Driver_USBD0
                0x08004e10       0x40 ./Libraries/XMCLib/src/xmc_usbd.o
                0x08004e10                Driver_USBD0
 .rodata.device_descriptor
                0x08004e50       0x14 ./Dave/Generated/USBD_VCOM/virtual_com/descriptors.o
                0x08004e50                device_descriptor
 .rodata.configuration_descriptor
                0x08004e64       0x40 ./Dave/Generated/USBD_VCOM/virtual_com/descriptors.o
                0x08004e64                configuration_descriptor
 .rodata.language_string
                0x08004ea4       0x68 ./Dave/Generated/USBD_VCOM/virtual_com/descriptors.o
                0x08004ea4                language_string
 .rodata.manufacturer_string
                0x08004f0c       0x68 ./Dave/Generated/USBD_VCOM/virtual_com/descriptors.o
                0x08004f0c                manufacturer_string
 .rodata.product_string
                0x08004f74       0x68 ./Dave/Generated/USBD_VCOM/virtual_com/descriptors.o
                0x08004f74                product_string
 .rodata.BUTTON
                0x08004fdc       0x14 ./Dave/Generated/DIGITAL_IO/digital_io_conf.o
                0x08004fdc                BUTTON
 .rodata.LED    0x08004ff0       0x14 ./Dave/Generated/DIGITAL_IO/digital_io_conf.o
                0x08004ff0                LED
 .rodata        0x08005004       0x14 ./Dave/Generated/CLOCK_XMC4/clock_xmc4_conf.o
 .rodata        0x08005018      0x12c ./main.o
 *(.gnu.linkonce.r*)
 *(vtable)
                0x08005144                . = ALIGN (0x4)

.glue_7         0x08005144        0x0 load address 0x0c005144
 .glue_7        0x00000000        0x0 linker stubs

.glue_7t        0x08005144        0x0 load address 0x0c005144
 .glue_7t       0x00000000        0x0 linker stubs

.vfp11_veneer   0x08005144        0x0 load address 0x0c005144
 .vfp11_veneer  0x00000000        0x0 linker stubs

.v4_bx          0x08005144        0x0 load address 0x0c005144
 .v4_bx         0x00000000        0x0 linker stubs

.iplt           0x08005144        0x0 load address 0x0c005144
 .iplt          0x00000000        0x0 ./Startup/startup_XMC4800.o

.rel.dyn        0x08005144        0x0 load address 0x0c005144
 .rel.iplt      0x00000000        0x0 ./Startup/startup_XMC4800.o

.eh_frame_hdr
 *(.eh_frame_hdr)

.eh_frame
 *(.eh_frame)

.ARM.extab
 *(.ARM.extab* .gnu.linkonce.armextab.*)
                0x08005144                . = ALIGN (0x4)
                0x08005144                __exidx_start = .

.ARM.exidx
 *(.ARM.exidx* .gnu.linkonce.armexidx.*)
                0x08005144                __exidx_end = .
                0x08005144                . = ALIGN (0x4)

Stack           0x1ffe8000      0x800
                0x1ffe8000                __stack_start = .
                0x1ffe8800                . = (. + stack_size)
 *fill*         0x1ffe8000      0x800 
                0x1ffe8800                __stack_end = .
                0x1ffe8800                __initial_sp = .

.ram_code       0x1ffe8800        0x0 load address 0x0c005144
                0x1ffe8800                . = ALIGN (0x4)
                0x1ffe8800                __ram_code_start = .
 *(.ram_code)
                0x1ffe8800                . = ALIGN (0x4)
                0x1ffe8800                __ram_code_end = .
                0x0c005144                __ram_code_load = LOADADDR (.ram_code)
                0x00000000                __ram_code_size = (__ram_code_end - __ram_code_start)

.data           0x1ffe8800       0x50 load address 0x0c005144
                0x1ffe8800                . = ALIGN (0x4)
                0x1ffe8800                __data_start = .
 *(.data)
 *(.data*)
 .data.usbd_vcom_events
                0x1ffe8800       0x28 ./Dave/Generated/USBD_VCOM/usbd_vcom.o
                0x1ffe8800                usbd_vcom_events
 .data.cdc_class_events
                0x1ffe8828        0xc ./Dave/Generated/USBD_VCOM/usbd_vcom.o
                0x1ffe8828                cdc_class_events
 .data.USBD_VCOM_handle
                0x1ffe8834        0x4 ./Dave/Generated/USBD_VCOM/usbd_vcom_conf.o
                0x1ffe8834                USBD_VCOM_handle
 .data.USBD_0   0x1ffe8838       0x14 ./Dave/Generated/USBD/usbd_conf.o
                0x1ffe8838                USBD_0
 .data.USBD_handle
                0x1ffe884c        0x4 ./Dave/Generated/USBD/usbd_conf.o
                0x1ffe884c                USBD_handle
 *(*.data)
 *(.gnu.linkonce.d*)
                0x1ffe8850                . = ALIGN (0x4)
                0x1ffe8850                PROVIDE (__preinit_array_start, .)
 *(.preinit_array)
                0x1ffe8850                PROVIDE (__preinit_array_end, .)
                0x1ffe8850                . = ALIGN (0x4)
                0x1ffe8850                PROVIDE (__init_array_start, .)
 *(SORT(.init_array.*))
 *(.init_array)
                0x1ffe8850                PROVIDE (__init_array_end, .)
                0x1ffe8850                . = ALIGN (0x4)
                0x1ffe8850                PROVIDE (__fini_array_start, .)
 *(SORT(.fini_array.*))
 *(.fini_array)
                0x1ffe8850                PROVIDE (__fini_array_end, .)
                0x1ffe8850                . = ALIGN (0x4)
                0x1ffe8850                __data_end = .
                0x0c005144                __data_load = LOADADDR (.data)
                0x00000050                __data_size = (__data_end - __data_start)
                0x00005194                __text_size = (((__exidx_end - sText) + __data_size) + __ram_code_size)
                0x08005194                eText = (sText + __text_size)

.igot.plt       0x1ffe8850        0x0 load address 0x0c005194
 .igot.plt      0x00000000        0x0 ./Startup/startup_XMC4800.o

.bss            0x1ffe8850      0x6ac load address 0x0c005194
                0x1ffe8850                . = ALIGN (0x4)
                0x1ffe8850                __bss_start = .
 *(.bss)
 *(.bss*)
 .bss.XMC_USBD_EP_OUT_BUFFERSIZE
                0x1ffe8850       0x1c ./Libraries/XMCLib/src/xmc_usbd.o
 .bss.XMC_USBD_EP_IN_BUFFERSIZE
                0x1ffe886c       0x1c ./Libraries/XMCLib/src/xmc_usbd.o
 .bss.usbd_init
                0x1ffe8888        0x4 ./Libraries/XMCLib/src/xmc_usbd.o
 .bss.USBD_VCOM_0
                0x1ffe888c        0x4 ./Dave/Generated/USBD_VCOM/usbd_vcom_conf.o
                0x1ffe888c                USBD_VCOM_0
 .bss.usb_event_cb
                0x1ffe8890       0x28 ./Dave/Generated/USBD/usbd_conf.o
                0x1ffe8890                usb_event_cb
 .bss.CLOCK_XMC4_0
                0x1ffe88b8        0x4 ./Dave/Generated/CLOCK_XMC4/clock_xmc4_conf.o
                0x1ffe88b8                CLOCK_XMC4_0
 .bss.bl_tick_ms
                0x1ffe88bc        0x4 ./main.o
                0x1ffe88bc                bl_tick_ms
 *(COMMON)
 COMMON         0x1ffe88c0      0x208 ./Libraries/XMCLib/src/xmc_usbd.o
                0x1ffe88c0                xmc_device
 COMMON         0x1ffe8ac8       0xe4 ./Dave/Generated/USBD_VCOM/usbd_vcom.o
                0x1ffe8ac8                tx_ep_buf
                0x1ffe8b08                cdc_event_flags
                0x1ffe8b0c                notification_ep_buf
                0x1ffe8b4c                rx_ep_buf
                0x1ffe8b8c                USBD_VCOM_cdc_interface
 COMMON         0x1ffe8bac        0xc ./Dave/Generated/USBD/usb/core/usb_task.o
                0x1ffe8bac                USB_IsInitialized
                0x1ffe8bad                USB_DeviceState
                0x1ffe8bb0                USB_ControlRequest
 COMMON         0x1ffe8bb8      0x344 ./Dave/Generated/USBD/usbd.o
                0x1ffe8bb8                endpoint0_in_buffer
                0x1ffe8cb8                endpoint0_out_buffer
                0x1ffe8db8                device
 *(.gnu.linkonce.b*)
                0x1ffe8efc                . = ALIGN (0x4)
                0x1ffe8efc                __bss_end = .
                0x000006ac                __bss_size = (__bss_end - __bss_start)
                0x00017104                __shift_loc = (__bss_end >= ORIGIN (DSRAM_1_system))?0x0:(ORIGIN (DSRAM_1_system) - __bss_end)

USB_RAM         0x20000000      0xe00
                0x20000000                . = ALIGN (0x4)
                0x20000000                USB_RAM_start = .
 *(USB_RAM)
 USB_RAM        0x20000000      0xe00 ./Libraries/XMCLib/src/xmc_usbd.o
                0x20000e00                . = ALIGN (0x4)
                0x20000e00                USB_RAM_end = .
                0x00000e00                USB_RAM_size = (USB_RAM_end - USB_RAM_start)

ETH_RAM         0x20000e00        0x0
                0x20000e00                . = ALIGN (0x4)
                0x20000e00                ETH_RAM_start = .
 *(ETH_RAM)
                0x20000e00                . = ALIGN (0x4)
                0x20000e00                ETH_RAM_end = .
                0x20000e00                . = ALIGN (0x8)
                0x20000e00                Heap_Bank1_Start = .
                0x00000000                ETH_RAM_size = (ETH_RAM_end - ETH_RAM_start)

.no_init        0x2003ffc0       0x14
                0x2003ffc0                Heap_Bank1_End = .
 *(.no_init)
 .no_init       0x2003ffc0       0x14 ./Startup/system_XMC4800.o
                0x2003ffc0                SystemCoreClock
                0x2003ffc4                g_chipid
                0x0003f1c0                Heap_Bank1_Size = (Heap_Bank1_End - Heap_Bank1_Start)
                0x00000001                ASSERT ((Heap_Bank1_Start <= Heap_Bank1_End), region SRAM_combined overflowed no_init section)

/DISCARD/
 *(.comment)

.stab
 *(.stab)

.stabstr
 *(.stabstr)

.debug
 *(.debug)

.line
 *(.line)

.debug_srcinfo
 *(.debug_srcinfo)

.debug_sfnames
 *(.debug_sfnames)

.debug_aranges  0x00000000      0xb30
 *(.debug_aranges)
 .debug_aranges
                0x00000000       0x20 ./Startup/startup_XMC4800.o
 .debug_aranges
                0x00000020       0x48 ./Startup/system_XMC4800.o
 .debug_aranges
                0x00000068       0x28 ./Libraries/XMCLib/src/xmc4_gpio.o
 .debug_aranges
                0x00000090      0x3f8 ./Libraries/XMCLib/src/xmc4_scu.o
 .debug_aranges
                0x00000488       0x28 ./Libraries/XMCLib/src/xmc_gpio.o
 .debug_aranges
                0x000004b0      0x158 ./Libraries/XMCLib/src/xmc_usbd.o
 .debug_aranges
                0x00000608       0x28 ./Libraries/Newlib/syscalls.o
 .debug_aranges
                0x00000630       0x20 ./Dave/Generated/USBD_VCOM/virtual_com/descriptors.o
 .debug_aranges
                0x00000650       0xa0 ./Dave/Generated/USBD_VCOM/class_driver/device/cdc_class_device.o
 .debug_aranges
                0x000006f0       0xc8 ./Dave/Generated/USBD_VCOM/usbd_vcom.o
 .debug_aranges
                0x000007b8       0x18 ./Dave/Generated/USBD_VCOM/usbd_vcom_conf.o
 .debug_aranges
                0x000007d0       0x68 ./Dave/Generated/USBD/usb/core/xmc4000/usbd_endpoint_stream_xmc4000.o
 .debug_aranges
                0x00000838       0x98 ./Dave/Generated/USBD/usb/core/xmc4000/usbd_endpoint_xmc4000.o
 .debug_aranges
                0x000008d0       0x18 ./Dave/Generated/USBD/usb/core/usb_task.o
 .debug_aranges
                0x000008e8       0xc8 ./Dave/Generated/USBD/usbd.o
 .debug_aranges
                0x000009b0       0x18 ./Dave/Generated/USBD/usbd_conf.o
 .debug_aranges
                0x000009c8       0x28 ./Dave/Generated/DIGITAL_IO/digital_io.o
 .debug_aranges
                0x000009f0       0x18 ./Dave/Generated/DIGITAL_IO/digital_io_conf.o
 .debug_aranges
                0x00000a08       0x28 ./Dave/Generated/CPU_CTRL_XMC4/cpu_ctrl_xmc4_conf.o
 .debug_aranges
                0x00000a30       0x38 ./Dave/Generated/CLOCK_XMC4/clock_xmc4.o
 .debug_aranges
                0x00000a68       0x28 ./Dave/Generated/CLOCK_XMC4/clock_xmc4_conf.o
 .debug_aranges
                0x00000a90       0x20 ./Dave/Generated/DAVE.o
 .debug_aranges
                0x00000ab0       0x80 ./main.o

.debug_pubnames
 *(.debug_pubnames)

.debug_pubtypes
 *(.debug_pubtypes)

.debug_info     0x00000000    0x1cf59
 *(.debug_info .gnu.linkonce.wi.*)
 .debug_info    0x00000000       0xa2 ./Startup/startup_XMC4800.o
 .debug_info    0x000000a2      0xa42 ./Startup/system_XMC4800.o
 .debug_info    0x00000ae4      0x4dd ./Libraries/XMCLib/src/xmc4_gpio.o
 .debug_info    0x00000fc1     0x24b2 ./Libraries/XMCLib/src/xmc4_scu.o
 .debug_info    0x00003473      0x458 ./Libraries/XMCLib/src/xmc_gpio.o
 .debug_info    0x000038cb     0x3906 ./Libraries/XMCLib/src/xmc_usbd.o
 .debug_info    0x000071d1      0x11f ./Libraries/Newlib/syscalls.o
 .debug_info    0x000072f0     0x1d44 ./Dave/Generated/USBD_VCOM/virtual_com/descriptors.o
 .debug_info    0x00009034     0x1dbb ./Dave/Generated/USBD_VCOM/class_driver/device/cdc_class_device.o
 .debug_info    0x0000adef     0x2408 ./Dave/Generated/USBD_VCOM/usbd_vcom.o
 .debug_info    0x0000d1f7     0x173c ./Dave/Generated/USBD_VCOM/usbd_vcom_conf.o
 .debug_info    0x0000e933     0x1b87 ./Dave/Generated/USBD/usb/core/xmc4000/usbd_endpoint_stream_xmc4000.o
 .debug_info    0x000104ba     0x1fa8 ./Dave/Generated/USBD/usb/core/xmc4000/usbd_endpoint_xmc4000.o
 .debug_info    0x00012462     0x178e ./Dave/Generated/USBD/usb/core/usb_task.o
 .debug_info    0x00013bf0     0x2394 ./Dave/Generated/USBD/usbd.o
 .debug_info    0x00015f84     0x1764 ./Dave/Generated/USBD/usbd_conf.o
 .debug_info    0x000176e8      0x597 ./Dave/Generated/DIGITAL_IO/digital_io.o
 .debug_info    0x00017c7f      0x4e4 ./Dave/Generated/DIGITAL_IO/digital_io_conf.o
 .debug_info    0x00018163      0x52e ./Dave/Generated/CPU_CTRL_XMC4/cpu_ctrl_xmc4_conf.o
 .debug_info    0x00018691      0x2dd ./Dave/Generated/CLOCK_XMC4/clock_xmc4.o
 .debug_info    0x0001896e      0x659 ./Dave/Generated/CLOCK_XMC4/clock_xmc4_conf.o
 .debug_info    0x00018fc7     0x1ada ./Dave/Generated/DAVE.o
 .debug_info    0x0001aaa1     0x24b8 ./main.o

.debug_abbrev   0x00000000     0x32fb
 *(.debug_abbrev)
 .debug_abbrev  0x00000000       0x14 ./Startup/startup_XMC4800.o
 .debug_abbrev  0x00000014      0x1f1 ./Startup/system_XMC4800.o
 .debug_abbrev  0x00000205      0x144 ./Libraries/XMCLib/src/xmc4_gpio.o
 .debug_abbrev  0x00000349      0x2a3 ./Libraries/XMCLib/src/xmc4_scu.o
 .debug_abbrev  0x000005ec      0x144 ./Libraries/XMCLib/src/xmc_gpio.o
 .debug_abbrev  0x00000730      0x3c2 ./Libraries/XMCLib/src/xmc_usbd.o
 .debug_abbrev  0x00000af2       0xbd ./Libraries/Newlib/syscalls.o
 .debug_abbrev  0x00000baf      0x27e ./Dave/Generated/USBD_VCOM/virtual_com/descriptors.o
 .debug_abbrev  0x00000e2d      0x342 ./Dave/Generated/USBD_VCOM/class_driver/device/cdc_class_device.o
 .debug_abbrev  0x0000116f      0x395 ./Dave/Generated/USBD_VCOM/usbd_vcom.o
 .debug_abbrev  0x00001504      0x22d ./Dave/Generated/USBD_VCOM/usbd_vcom_conf.o
 .debug_abbrev  0x00001731      0x2f5 ./Dave/Generated/USBD/usb/core/xmc4000/usbd_endpoint_stream_xmc4000.o
 .debug_abbrev  0x00001a26      0x39c ./Dave/Generated/USBD/usb/core/xmc4000/usbd_endpoint_xmc4000.o
 .debug_abbrev  0x00001dc2      0x22d ./Dave/Generated/USBD/usb/core/usb_task.o
 .debug_abbrev  0x00001fef      0x3d5 ./Dave/Generated/USBD/usbd.o
 .debug_abbrev  0x000023c4      0x22d ./Dave/Generated/USBD/usbd_conf.o
 .debug_abbrev  0x000025f1      0x171 ./Dave/Generated/DIGITAL_IO/digital_io.o
 .debug_abbrev  0x00002762      0x137 ./Dave/Generated/DIGITAL_IO/digital_io_conf.o
 .debug_abbrev  0x00002899      0x1b4 ./Dave/Generated/CPU_CTRL_XMC4/cpu_ctrl_xmc4_conf.o
 .debug_abbrev  0x00002a4d      0x13d ./Dave/Generated/CLOCK_XMC4/clock_xmc4.o
 .debug_abbrev  0x00002b8a      0x168 ./Dave/Generated/CLOCK_XMC4/clock_xmc4_conf.o
 .debug_abbrev  0x00002cf2      0x25e ./Dave/Generated/DAVE.o
 .debug_abbrev  0x00002f50      0x3ab ./main.o

.debug_line     0x00000000     0x6b2b
 *(.debug_line)
 .debug_line    0x00000000       0x87 ./Startup/startup_XMC4800.o
 .debug_line    0x00000087      0x393 ./Startup/system_XMC4800.o
 .debug_line    0x0000041a      0x269 ./Libraries/XMCLib/src/xmc4_gpio.o
 .debug_line    0x00000683      0xec5 ./Libraries/XMCLib/src/xmc4_scu.o
 .debug_line    0x00001548      0x256 ./Libraries/XMCLib/src/xmc_gpio.o
 .debug_line    0x0000179e      0x94d ./Libraries/XMCLib/src/xmc_usbd.o
 .debug_line    0x000020eb       0xd0 ./Libraries/Newlib/syscalls.o
 .debug_line    0x000021bb      0x479 ./Dave/Generated/USBD_VCOM/virtual_com/descriptors.o
 .debug_line    0x00002634      0x743 ./Dave/Generated/USBD_VCOM/class_driver/device/cdc_class_device.o
 .debug_line    0x00002d77      0x7c8 ./Dave/Generated/USBD_VCOM/usbd_vcom.o
 .debug_line    0x0000353f      0x368 ./Dave/Generated/USBD_VCOM/usbd_vcom_conf.o
 .debug_line    0x000038a7      0x4fa ./Dave/Generated/USBD/usb/core/xmc4000/usbd_endpoint_stream_xmc4000.o
 .debug_line    0x00003da1      0x5e5 ./Dave/Generated/USBD/usb/core/xmc4000/usbd_endpoint_xmc4000.o
 .debug_line    0x00004386      0x346 ./Dave/Generated/USBD/usb/core/usb_task.o
 .debug_line    0x000046cc      0x792 ./Dave/Generated/USBD/usbd.o
 .debug_line    0x00004e5e      0x2f5 ./Dave/Generated/USBD/usbd_conf.o
 .debug_line    0x00005153      0x2e6 ./Dave/Generated/DIGITAL_IO/digital_io.o
 .debug_line    0x00005439      0x24a ./Dave/Generated/DIGITAL_IO/digital_io_conf.o
 .debug_line    0x00005683      0x2c3 ./Dave/Generated/CPU_CTRL_XMC4/cpu_ctrl_xmc4_conf.o
 .debug_line    0x00005946      0x31c ./Dave/Generated/CLOCK_XMC4/clock_xmc4.o
 .debug_line    0x00005c62      0x316 ./Dave/Generated/CLOCK_XMC4/clock_xmc4_conf.o
 .debug_line    0x00005f78      0x40c ./Dave/Generated/DAVE.o
 .debug_line    0x00006384      0x7a7 ./main.o

.debug_frame    0x00000000     0x2cdc
 *(.debug_frame)
 .debug_frame   0x00000000       0xec ./Startup/system_XMC4800.o
 .debug_frame   0x000000ec       0x60 ./Libraries/XMCLib/src/xmc4_gpio.o
 .debug_frame   0x0000014c     0x12ac ./Libraries/XMCLib/src/xmc4_scu.o
 .debug_frame   0x000013f8       0x60 ./Libraries/XMCLib/src/xmc_gpio.o
 .debug_frame   0x00001458      0x634 ./Libraries/XMCLib/src/xmc_usbd.o
 .debug_frame   0x00001a8c       0x5c ./Libraries/Newlib/syscalls.o
 .debug_frame   0x00001ae8       0x38 ./Dave/Generated/USBD_VCOM/virtual_com/descriptors.o
 .debug_frame   0x00001b20      0x2ac ./Dave/Generated/USBD_VCOM/class_driver/device/cdc_class_device.o
 .debug_frame   0x00001dcc      0x338 ./Dave/Generated/USBD_VCOM/usbd_vcom.o
 .debug_frame   0x00002104      0x1a0 ./Dave/Generated/USBD/usb/core/xmc4000/usbd_endpoint_stream_xmc4000.o
 .debug_frame   0x000022a4      0x288 ./Dave/Generated/USBD/usb/core/xmc4000/usbd_endpoint_xmc4000.o
 .debug_frame   0x0000252c      0x310 ./Dave/Generated/USBD/usbd.o
 .debug_frame   0x0000283c       0x60 ./Dave/Generated/DIGITAL_IO/digital_io.o
 .debug_frame   0x0000289c       0x60 ./Dave/Generated/CPU_CTRL_XMC4/cpu_ctrl_xmc4_conf.o
 .debug_frame   0x000028fc       0xac ./Dave/Generated/CLOCK_XMC4/clock_xmc4.o
 .debug_frame   0x000029a8       0x64 ./Dave/Generated/CLOCK_XMC4/clock_xmc4_conf.o
 .debug_frame   0x00002a0c       0x38 ./Dave/Generated/DAVE.o
 .debug_frame   0x00002a44      0x204 ./main.o
 .debug_frame   0x00002c48       0x2c c:/infineon/tools/dave ide/4.5.0.202105191637/eclipse/arm-gcc-49/bin/../lib/gcc/arm-none-eabi/4.9.3/../../../../arm-none-eabi/lib/armv7e-m/softfp\libg_nano.a(lib_a-init.o)
 .debug_frame   0x00002c74       0x28 c:/infineon/tools/dave ide/4.5.0.202105191637/eclipse/arm-gcc-49/bin/../lib/gcc/arm-none-eabi/4.9.3/../../../../arm-none-eabi/lib/armv7e-m/softfp\libg_nano.a(lib_a-memcpy.o)
 .debug_frame   0x00002c9c       0x20 c:/infineon/tools/dave ide/4.5.0.202105191637/eclipse/arm-gcc-49/bin/../lib/gcc/arm-none-eabi/4.9.3/../../../../arm-none-eabi/lib/armv7e-m/softfp\libg_nano.a(lib_a-memset.o)
 .debug_frame   0x00002cbc       0x20 c:/infineon/tools/dave ide/4.5.0.202105191637/eclipse/arm-gcc-49/bin/../lib/gcc/arm-none-eabi/4.9.3/../../../../arm-none-eabi/lib/armv7e-m/softfp\libg_nano.a(lib_a-strlen.o)

.debug_str      0x00000000     0x7a65
 *(.debug_str)
 .debug_str     0x00000000      0x61f ./Startup/system_XMC4800.o
                                0x691 (size before relaxing)
 .debug_str     0x0000061f      0x544 ./Libraries/XMCLib/src/xmc4_gpio.o
                                0x801 (size before relaxing)
 .debug_str     0x00000b63     0x23fc ./Libraries/XMCLib/src/xmc4_scu.o
                               0x29a9 (size before relaxing)
 .debug_str     0x00002f5f       0xca ./Libraries/XMCLib/src/xmc_gpio.o
                                0x6af (size before relaxing)
 .debug_str     0x00003029     0x1d68 ./Libraries/XMCLib/src/xmc_usbd.o
                               0x2871 (size before relaxing)
 .debug_str     0x00004d91       0x6f ./Libraries/Newlib/syscalls.o
                                0x23d (size before relaxing)
 .debug_str     0x00004e00      0xc89 ./Dave/Generated/USBD_VCOM/virtual_com/descriptors.o
                               0x1e4b (size before relaxing)
 .debug_str     0x00005a89      0x6f2 ./Dave/Generated/USBD_VCOM/class_driver/device/cdc_class_device.o
                               0x1b62 (size before relaxing)
 .debug_str     0x0000617b      0xb3d ./Dave/Generated/USBD_VCOM/usbd_vcom.o
                               0x2384 (size before relaxing)
 .debug_str     0x00006cb8       0x39 ./Dave/Generated/USBD_VCOM/usbd_vcom_conf.o
                               0x1465 (size before relaxing)
 .debug_str     0x00006cf1      0x230 ./Dave/Generated/USBD/usb/core/xmc4000/usbd_endpoint_stream_xmc4000.o
                               0x172c (size before relaxing)
 .debug_str     0x00006f21      0x1b6 ./Dave/Generated/USBD/usb/core/xmc4000/usbd_endpoint_xmc4000.o
                               0x1e09 (size before relaxing)
 .debug_str     0x000070d7       0x3d ./Dave/Generated/USBD/usb/core/usb_task.o
                               0x14be (size before relaxing)
 .debug_str     0x00007114      0x3ee ./Dave/Generated/USBD/usbd.o
                               0x2133 (size before relaxing)
 .debug_str     0x00007502       0x37 ./Dave/Generated/USBD/usbd_conf.o
                               0x146a (size before relaxing)
 .debug_str     0x00007539       0xdf ./Dave/Generated/DIGITAL_IO/digital_io.o
                                0x93e (size before relaxing)
 .debug_str     0x00007618       0x36 ./Dave/Generated/DIGITAL_IO/digital_io_conf.o
                                0x886 (size before relaxing)
 .debug_str     0x0000764e       0x94 ./Dave/Generated/CPU_CTRL_XMC4/cpu_ctrl_xmc4_conf.o
                                0x441 (size before relaxing)
 .debug_str     0x000076e2       0xf3 ./Dave/Generated/CLOCK_XMC4/clock_xmc4.o
                                0x3f2 (size before relaxing)
 .debug_str     0x000077d5       0xe5 ./Dave/Generated/CLOCK_XMC4/clock_xmc4_conf.o
                                0x97a (size before relaxing)
 .debug_str     0x000078ba       0x65 ./Dave/Generated/DAVE.o
                               0x1a67 (size before relaxing)
 .debug_str     0x0000791f      0x146 ./main.o
                               0x2308 (size before relaxing)

.debug_loc      0x00000000     0x5a24
 *(.debug_loc)
 .debug_loc     0x00000000      0x1a4 ./Startup/system_XMC4800.o
 .debug_loc     0x000001a4       0xb8 ./Libraries/XMCLib/src/xmc4_gpio.o
 .debug_loc     0x0000025c     0x2708 ./Libraries/XMCLib/src/xmc4_scu.o
 .debug_loc     0x00002964       0xb8 ./Libraries/XMCLib/src/xmc_gpio.o
 .debug_loc     0x00002a1c      0xd34 ./Libraries/XMCLib/src/xmc_usbd.o
 .debug_loc     0x00003750       0x94 ./Libraries/Newlib/syscalls.o
 .debug_loc     0x000037e4       0x5c ./Dave/Generated/USBD_VCOM/virtual_com/descriptors.o
 .debug_loc     0x00003840      0x55c ./Dave/Generated/USBD_VCOM/class_driver/device/cdc_class_device.o
 .debug_loc     0x00003d9c      0x674 ./Dave/Generated/USBD_VCOM/usbd_vcom.o
 .debug_loc     0x00004410      0x32c ./Dave/Generated/USBD/usb/core/xmc4000/usbd_endpoint_stream_xmc4000.o
 .debug_loc     0x0000473c      0x560 ./Dave/Generated/USBD/usb/core/xmc4000/usbd_endpoint_xmc4000.o
 .debug_loc     0x00004c9c      0x5e4 ./Dave/Generated/USBD/usbd.o
 .debug_loc     0x00005280       0xac ./Dave/Generated/DIGITAL_IO/digital_io.o
 .debug_loc     0x0000532c       0xac ./Dave/Generated/CPU_CTRL_XMC4/cpu_ctrl_xmc4_conf.o
 .debug_loc     0x000053d8      0x14c ./Dave/Generated/CLOCK_XMC4/clock_xmc4.o
 .debug_loc     0x00005524       0xac ./Dave/Generated/CLOCK_XMC4/clock_xmc4_conf.o
 .debug_loc     0x000055d0       0x50 ./Dave/Generated/DAVE.o
 .debug_loc     0x00005620      0x404 ./main.o

.debug_macinfo
 *(.debug_macinfo)

.debug_ranges   0x00000000      0x990
 *(.debug_ranges)
 .debug_ranges  0x00000000       0x38 ./Startup/system_XMC4800.o
 .debug_ranges  0x00000038       0x18 ./Libraries/XMCLib/src/xmc4_gpio.o
 .debug_ranges  0x00000050      0x3e8 ./Libraries/XMCLib/src/xmc4_scu.o
 .debug_ranges  0x00000438       0x18 ./Libraries/XMCLib/src/xmc_gpio.o
 .debug_ranges  0x00000450      0x148 ./Libraries/XMCLib/src/xmc_usbd.o
 .debug_ranges  0x00000598       0x18 ./Libraries/Newlib/syscalls.o
 .debug_ranges  0x000005b0       0x10 ./Dave/Generated/USBD_VCOM/virtual_com/descriptors.o
 .debug_ranges  0x000005c0       0x90 ./Dave/Generated/USBD_VCOM/class_driver/device/cdc_class_device.o
 .debug_ranges  0x00000650       0xb8 ./Dave/Generated/USBD_VCOM/usbd_vcom.o
 .debug_ranges  0x00000708       0x58 ./Dave/Generated/USBD/usb/core/xmc4000/usbd_endpoint_stream_xmc4000.o
 .debug_ranges  0x00000760       0x88 ./Dave/Generated/USBD/usb/core/xmc4000/usbd_endpoint_xmc4000.o
 .debug_ranges  0x000007e8       0xb8 ./Dave/Generated/USBD/usbd.o
 .debug_ranges  0x000008a0       0x18 ./Dave/Generated/DIGITAL_IO/digital_io.o
 .debug_ranges  0x000008b8       0x18 ./Dave/Generated/CPU_CTRL_XMC4/cpu_ctrl_xmc4_conf.o
 .debug_ranges  0x000008d0       0x28 ./Dave/Generated/CLOCK_XMC4/clock_xmc4.o
 .debug_ranges  0x000008f8       0x18 ./Dave/Generated/CLOCK_XMC4/clock_xmc4_conf.o
 .debug_ranges  0x00000910       0x10 ./Dave/Generated/DAVE.o
 .debug_ranges  0x00000920       0x70 ./main.o

.debug_weaknames
 *(.debug_weaknames)

.debug_funcnames
 *(.debug_funcnames)

.debug_typenames
 *(.debug_typenames)

.debug_varnames
 *(.debug_varnames)

.build_attributes
                0x00000000      0x5a7
 *(.ARM.attributes)
 .ARM.attributes
                0x00000000       0x25 ./Startup/startup_XMC4800.o
 .ARM.attributes
                0x00000025       0x37 ./Startup/system_XMC4800.o
 .ARM.attributes
                0x0000005c       0x37 ./Libraries/XMCLib/src/xmc4_gpio.o
 .ARM.attributes
                0x00000093       0x37 ./Libraries/XMCLib/src/xmc4_scu.o
 .ARM.attributes
                0x000000ca       0x37 ./Libraries/XMCLib/src/xmc_gpio.o
 .ARM.attributes
                0x00000101       0x37 ./Libraries/XMCLib/src/xmc_usbd.o
 .ARM.attributes
                0x00000138       0x37 ./Libraries/Newlib/syscalls.o
 .ARM.attributes
                0x0000016f       0x37 ./Dave/Generated/USBD_VCOM/virtual_com/descriptors.o
 .ARM.attributes
                0x000001a6       0x37 ./Dave/Generated/USBD_VCOM/class_driver/device/cdc_class_device.o
 .ARM.attributes
                0x000001dd       0x37 ./Dave/Generated/USBD_VCOM/usbd_vcom.o
 .ARM.attributes
                0x00000214       0x37 ./Dave/Generated/USBD_VCOM/usbd_vcom_conf.o
 .ARM.attributes
                0x0000024b       0x37 ./Dave/Generated/USBD/usb/core/xmc4000/usbd_endpoint_stream_xmc4000.o
 .ARM.attributes
                0x00000282       0x37 ./Dave/Generated/USBD/usb/core/xmc4000/usbd_endpoint_xmc4000.o
 .ARM.attributes
                0x000002b9       0x37 ./Dave/Generated/USBD/usb/core/usb_task.o
 .ARM.attributes
                0x000002f0       0x37 ./Dave/Generated/USBD/usbd.o
 .ARM.attributes
                0x00000327       0x37 ./Dave/Generated/USBD/usbd_conf.o
 .ARM.attributes
                0x0000035e       0x37 ./Dave/Generated/DIGITAL_IO/digital_io.o
 .ARM.attributes
                0x00000395       0x37 ./Dave/Generated/DIGITAL_IO/digital_io_conf.o
 .ARM.attributes
                0x000003cc       0x37 ./Dave/Generated/CPU_CTRL_XMC4/cpu_ctrl_xmc4_conf.o
 .ARM.attributes
                0x00000403       0x37 ./Dave/Generated/CLOCK_XMC4/clock_xmc4.o
 .ARM.attributes
                0x0000043a       0x37 ./Dave/Generated/CLOCK_XMC4/clock_xmc4_conf.o
 .ARM.attributes
                0x00000471       0x37 ./Dave/Generated/DAVE.o
 .ARM.attributes
                0x000004a8       0x37 ./main.o
 .ARM.attributes
                0x000004df       0x32 c:/infineon/tools/dave ide/4.5.0.202105191637/eclipse/arm-gcc-49/bin/../lib/gcc/arm-none-eabi/4.9.3/../../../../arm-none-eabi/lib/armv7e-m/softfp\libg_nano.a(lib_a-init.o)
 .ARM.attributes
                0x00000511       0x32 c:/infineon/tools/dave ide/4.5.0.202105191637/eclipse/arm-gcc-49/bin/../lib/gcc/arm-none-eabi/4.9.3/../../../../arm-none-eabi/lib/armv7e-m/softfp\libg_nano.a(lib_a-memcpy.o)
 .ARM.attributes
                0x00000543       0x32 c:/infineon/tools/dave ide/4.5.0.202105191637/eclipse/arm-gcc-49/bin/../lib/gcc/arm-none-eabi/4.9.3/../../../../arm-none-eabi/lib/armv7e-m/softfp\libg_nano.a(lib_a-memset.o)
 .ARM.attributes
                0x00000575       0x32 c:/infineon/tools/dave ide/4.5.0.202105191637/eclipse/arm-gcc-49/bin/../lib/gcc/arm-none-eabi/4.9.3/../../../../arm-none-eabi/lib/armv7e-m/softfp\libg_nano.a(lib_a-strlen.o)
OUTPUT(XMC4800_CAN_Bootloader.elf elf32-littlearm)
